// Jest Snapshot v1, https://goo.gl/fbAQLP

exports[`Home screen component Can render the home screen 1`] = `
Array [
  <div
    className="page"
  >
    <div
      className="map-selection"
    >
      <a
        href="/genabackis"
        onClick={[Function]}
      >
        <img
          alt="Genabackis Map Thumbnail"
          className="map-button"
          src="continent-icons/genabackis-icon.svg"
        />
      </a>
      <a
        href="/seven-cities"
        onClick={[Function]}
      >
        <img
          alt="Seven Cities Map Thumbnail"
          className="map-button"
          src="continent-icons/seven-cities-icon.svg"
        />
      </a>
      <a
        href="/quon-tali"
        onClick={[Function]}
      >
        <img
          alt="Quon Tali Map Thumbnail"
          className="map-button"
          src="continent-icons/quon-tali-icon.svg"
        />
      </a>
    </div>
    <div
      className="footer"
    >
      <p>
        Malazan Book of the Fallen is the intellectual property of Steven Erikson and Ian C. Esselmont.
      </p>
      <p>
        This website is not for profit but for appreciation of the world they have created.
      </p>
    </div>
  </div>,
  ",",
  <div />,
]
`;
