// Jest Snapshot v1, https://goo.gl/fbAQLP

exports[`SvgMap component Renders an SVG image 1`] = `
<div>
  <div />
</div>
`;
